Server ready after 74.0s
C1 trial=0 warmup=True complete=True aggregate=8.079 mean_active=1.000
C1 trial=1 warmup=False complete=True aggregate=7.993 mean_active=1.000
C1 trial=2 warmup=False complete=True aggregate=8.038 mean_active=1.000
C1 trial=3 warmup=False complete=True aggregate=8.054 mean_active=1.000
C8 trial=0 warmup=True complete=True aggregate=58.596 mean_active=7.982
C8 trial=1 warmup=False complete=True aggregate=58.977 mean_active=7.990
C8 trial=2 warmup=False complete=True aggregate=59.021 mean_active=7.982
C8 trial=3 warmup=False complete=True aggregate=58.924 mean_active=7.990
{
  "label": "current_dense_fp8_bf16kv_clean",
  "complete": true,
  "raw_sha256": "acdb91090a7ded6c3d16ad90832b2f0d96cbc9f7e9aec2d38ad01f287cbb0548",
  "definitions": {
    "aggregate": "Returned output tokens / whole-trial client wall seconds.",
    "per_active_request": "Returned output tokens / summed request latency.",
    "mean_active": "Summed request latency / whole-trial client wall seconds.",
    "statistics": "Arithmetic mean and sample standard deviation of three measured trials."
  },
  "interpretation": "Current dense-model scaling on GB10 only. Different model, weights, prompts, and speculative mode from Flash-Next. One finite C8 wave, not sustained traffic. No old-versus-new engine regression isolation.",
  "metrics_by_concurrency": {
    "1": {
      "aggregate_output_tokens_per_second": {
        "mean": 8.02816654048164,
        "sample_stddev": 0.03170424739119978,
        "samples": [
          7.992721259601532,
          8.037959278643607,
          8.053819083199784
        ]
      },
      "mean_active_requests": {
        "mean": 0.9999767822185985,
        "sample_stddev": 1.1686881869817955e-05,
        "samples": [
          0.9999850273928578,
          0.9999819114439353,
          0.9999634078190024
        ]
      },
      "mean_request_wall_seconds": {
        "mean": 15.943660810582514,
        "sample_stddev": 0.063215269632939,
        "samples": [
          16.014330957998027,
          15.924151918125062,
          15.892499555624454
        ]
      },
      "mean_request_output_tokens_per_second": {
        "mean": 8.028892689220156,
        "sample_stddev": 0.031202634123173263,
        "samples": [
          7.994014620188633,
          8.038505830707075,
          8.054157616764758
        ]
      },
      "latency_weighted_request_output_tokens_per_second": {
        "mean": 8.028353136803076,
        "sample_stddev": 0.03177908850521897,
        "samples": [
          7.992840933268776,
          8.038104676350699,
          8.054113800789757
        ]
      },
      "sustained_completion_boundary_output_tokens_per_second": {
        "mean": 8.037356846475904,
        "sample_stddev": 0.031197508869253814,
        "samples": [
          8.002601234444366,
          8.062939537249067,
          8.046529767734278
        ]
      }
    },
    "8": {
      "aggregate_output_tokens_per_second": {
        "mean": 58.97394198745188,
        "sample_stddev": 0.04820651645666864,
        "samples": [
          58.97692855201315,
          59.02058578602352,
          58.924311624318975
        ]
      },
      "mean_active_requests": {
        "mean": 7.98746270059032,
        "sample_stddev": 0.004600998711516816,
        "samples": [
          7.990145104929288,
          7.982150010114785,
          7.990092986726885
        ]
      },
      "mean_request_wall_seconds": {
        "mean": 17.336401714916065,
        "sample_stddev": 0.023166284630679962,
        "samples": [
          17.34133327287418,
          17.31116673424549,
          17.356705137628524
        ]
      },
      "mean_request_output_tokens_per_second": {
        "mean": 7.383388266557649,
        "sample_stddev": 0.00989058090888689,
        "samples": [
          7.3812678096136,
          7.394167102824855,
          7.3747298872344915
        ]
      },
      "latency_weighted_request_output_tokens_per_second": {
        "mean": 7.383317169396157,
        "sample_stddev": 0.009870205162615463,
        "samples": [
          7.381208698654176,
          7.39407123534813,
          7.374671574186163
        ]
      },
      "sustained_completion_boundary_output_tokens_per_second": null
    }
  },
  "c8_over_c1_aggregate": 7.345879247780752,
  "c8_over_c1_per_active_request": 0.9196552572594264
}
