Ready in 852.3s
Starting serving
Finished serving
Starting text
Finished text
Starting c1
Finished c1
Starting c6_c8
Finished c6_c8
Starting mixed_context
Finished mixed_context
Starting homogeneous_python_c1
Finished homogeneous_python_c1
Starting homogeneous_python_c8
Finished homogeneous_python_c8
Starting homogeneous_math_c1
Finished homogeneous_math_c1
Starting homogeneous_math_c8
Finished homogeneous_math_c8
Complete; server stopped; results: /home/ericbuehler/qwen4exp_work/model_scaling_20260930/graph_candidate/adaptive_run
