========= COMPUTE-SANITIZER
========= Invalid __global__ read of size 4 bytes
=========     at void mul_mat_q<(ggml_type)12, (int)128, (bool)0, (ggml_prec)30>(const char *, const int *, const int *, const int *, float *, float *, const float *, uint3, int, int, int, int, int, uint3, uint3, int, int, int, uint3, uint3, int, int, int, uint3)+0x6760
=========     by thread (4,5,0) in block (2012,0,0)
=========     Access to 0x21a0e00000 is out of bounds
=========     and is 1 bytes after the nearest allocation at 0x21a0a00000 of size 4194304 bytes
=========     Saved host backtrace up to driver entry point at kernel launch time
=========         Host Frame: void launch_mul_mat_q<(ggml_type)12, 128, false, (ggml_prec)30>(ggml_backend_cuda_context&, mmq_args const&, CUstream_st*) [0x8c179f] in libggml-cuda.so.0
=========         Host Frame: ggml_cuda_mul_mat_q(ggml_backend_cuda_context&, ggml_tensor const*, ggml_tensor const*, ggml_tensor const*, ggml_tensor*) [0x22f89b] in libggml-cuda.so.0
=========         Host Frame: ggml_backend_cuda_graph_compute(ggml_backend*, ggml_cgraph*) [0x1fcd27] in libggml-cuda.so.0
=========         Host Frame: ggml_backend_sched_graph_compute_async [0x373c7] in libggml-base.so.0
=========         Host Frame: llama_context::graph_compute(ggml_cgraph*, bool) [0x1b154b] in libllama.so.0
========= 
========= Invalid __global__ read of size 4 bytes
=========     at void mul_mat_q<(ggml_type)12, (int)128, (bool)0, (ggml_prec)30>(const char *, const int *, const int *, const int *, float *, float *, const float *, uint3, int, int, int, int, int, uint3, uint3, int, int, int, uint3, uint3, int, int, int, uint3)+0x6760
=========     by thread (5,5,0) in block (2012,0,0)
=========     Access to 0x21a0e00004 is out of bounds
=========     and is 5 bytes after the nearest allocation at 0x21a0a00000 of size 4194304 bytes
=========     Saved host backtrace up to driver entry point at kernel launch time
=========         Host Frame: void launch_mul_mat_q<(ggml_type)12, 128, false, (ggml_prec)30>(ggml_backend_cuda_context&, mmq_args const&, CUstream_st*) [0x8c179f] in libggml-cuda.so.0
=========         Host Frame: ggml_cuda_mul_mat_q(ggml_backend_cuda_context&, ggml_tensor const*, ggml_tensor const*, ggml_tensor const*, ggml_tensor*) [0x22f89b] in libggml-cuda.so.0
=========         Host Frame: ggml_backend_cuda_graph_compute(ggml_backend*, ggml_cgraph*) [0x1fcd27] in libggml-cuda.so.0
=========         Host Frame: ggml_backend_sched_graph_compute_async [0x373c7] in libggml-base.so.0
=========         Host Frame: llama_context::graph_compute(ggml_cgraph*, bool) [0x1b154b] in libllama.so.0
========= 
========= Invalid __global__ read of size 4 bytes
=========     at void mul_mat_q<(ggml_type)12, (int)128, (bool)0, (ggml_prec)30>(const char *, const int *, const int *, const int *, float *, float *, const float *, uint3, int, int, int, int, int, uint3, uint3, int, int, int, uint3, uint3, int, int, int, uint3)+0x6760
=========     by thread (6,5,0) in block (2012,0,0)
=========     Access to 0x21a0e00008 is out of bounds
=========     and is 9 bytes after the nearest allocation at 0x21a0a00000 of size 4194304 bytes
=========     Saved host backtrace up to driver entry point at kernel launch time
=========         Host Frame: void launch_mul_mat_q<(ggml_type)12, 128, false, (ggml_prec)30>(ggml_backend_cuda_context&, mmq_args const&, CUstream_st*) [0x8c179f] in libggml-cuda.so.0
=========         Host Frame: ggml_cuda_mul_mat_q(ggml_backend_cuda_context&, ggml_tensor const*, ggml_tensor const*, ggml_tensor const*, ggml_tensor*) [0x22f89b] in libggml-cuda.so.0
=========         Host Frame: ggml_backend_cuda_graph_compute(ggml_backend*, ggml_cgraph*) [0x1fcd27] in libggml-cuda.so.0
=========         Host Frame: ggml_backend_sched_graph_compute_async [0x373c7] in libggml-base.so.0
=========         Host Frame: llama_context::graph_compute(ggml_cgraph*, bool) [0x1b154b] in libllama.so.0
========= 
========= Invalid __global__ read of size 4 bytes
=========     at void mul_mat_q<(ggml_type)12, (int)128, (bool)0, (ggml_prec)30>(const char *, const int *, const int *, const int *, float *, float *, const float *, uint3, int, int, int, int, int, uint3, uint3, int, int, int, uint3, uint3, int, int, int, uint3)+0x6760
=========     by thread (7,5,0) in block (2012,0,0)
=========     Access to 0x21a0e0000c is out of bounds
=========     and is 13 bytes after the nearest allocation at 0x21a0a00000 of size 4194304 bytes
=========     Saved host backtrace up to driver entry point at kernel launch time
=========         Host Frame: void launch_mul_mat_q<(ggml_type)12, 128, false, (ggml_prec)30>(ggml_backend_cuda_context&, mmq_args const&, CUstream_st*) [0x8c179f] in libggml-cuda.so.0
=========         Host Frame: ggml_cuda_mul_mat_q(ggml_backend_cuda_context&, ggml_tensor const*, ggml_tensor const*, ggml_tensor const*, ggml_tensor*) [0x22f89b] in libggml-cuda.so.0
=========         Host Frame: ggml_backend_cuda_graph_compute(ggml_backend*, ggml_cgraph*) [0x1fcd27] in libggml-cuda.so.0
=========         Host Frame: ggml_backend_sched_graph_compute_async [0x373c7] in libggml-base.so.0
=========         Host Frame: llama_context::graph_compute(ggml_cgraph*, bool) [0x1b154b] in libllama.so.0
========= 
========= Invalid __global__ read of size 4 bytes
=========     at void mul_mat_q<(ggml_type)12, (int)128, (bool)0, (ggml_prec)30>(const char *, const int *, const int *, const int *, float *, float *, const float *, uint3, int, int, int, int, int, uint3, uint3, int, int, int, uint3, uint3, int, int, int, uint3)+0x6760
=========     by thread (8,5,0) in block (2012,0,0)
=========     Access to 0x21a0e00010 is out of bounds
=========     and is 17 bytes after the nearest allocation at 0x21a0a00000 of size 4194304 bytes
=========     Saved host backtrace up to driver entry point at kernel launch time
=========         Host Frame: void launch_mul_mat_q<(ggml_type)12, 128, false, (ggml_prec)30>(ggml_backend_cuda_context&, mmq_args const&, CUstream_st*) [0x8c179f] in libggml-cuda.so.0
=========         Host Frame: ggml_cuda_mul_mat_q(ggml_backend_cuda_context&, ggml_tensor const*, ggml_tensor const*, ggml_tensor const*, ggml_tensor*) [0x22f89b] in libggml-cuda.so.0
=========         Host Frame: ggml_backend_cuda_graph_compute(ggml_backend*, ggml_cgraph*) [0x1fcd27] in libggml-cuda.so.0
=========         Host Frame: ggml_backend_sched_graph_compute_async [0x373c7] in libggml-base.so.0
=========         Host Frame: llama_context::graph_compute(ggml_cgraph*, bool) [0x1b154b] in libllama.so.0
========= 
========= Invalid __global__ read of size 4 bytes
=========     at void mul_mat_q<(ggml_type)12, (int)128, (bool)0, (ggml_prec)30>(const char *, const int *, const int *, const int *, float *, float *, const float *, uint3, int, int, int, int, int, uint3, uint3, int, int, int, uint3, uint3, int, int, int, uint3)+0x6760
=========     by thread (9,5,0) in block (2012,0,0)
=========     Access to 0x21a0e00014 is out of bounds
=========     and is 21 bytes after the nearest allocation at 0x21a0a00000 of size 4194304 bytes
=========     Saved host backtrace up to driver entry point at kernel launch time
=========         Host Frame: void launch_mul_mat_q<(ggml_type)12, 128, false, (ggml_prec)30>(ggml_backend_cuda_context&, mmq_args const&, CUstream_st*) [0x8c179f] in libggml-cuda.so.0
=========         Host Frame: ggml_cuda_mul_mat_q(ggml_backend_cuda_context&, ggml_tensor const*, ggml_tensor const*, ggml_tensor const*, ggml_tensor*) [0x22f89b] in libggml-cuda.so.0
=========         Host Frame: ggml_backend_cuda_graph_compute(ggml_backend*, ggml_cgraph*) [0x1fcd27] in libggml-cuda.so.0
=========         Host Frame: ggml_backend_sched_graph_compute_async [0x373c7] in libggml-base.so.0
=========         Host Frame: llama_context::graph_compute(ggml_cgraph*, bool) [0x1b154b] in libllama.so.0
========= 
========= Invalid __global__ read of size 4 bytes
=========     at void mul_mat_q<(ggml_type)12, (int)128, (bool)0, (ggml_prec)30>(const char *, const int *, const int *, const int *, float *, float *, const float *, uint3, int, int, int, int, int, uint3, uint3, int, int, int, uint3, uint3, int, int, int, uint3)+0x6760
=========     by thread (10,5,0) in block (2012,0,0)
=========     Access to 0x21a0e00018 is out of bounds
=========     and is 25 bytes after the nearest allocation at 0x21a0a00000 of size 4194304 bytes
=========     Saved host backtrace up to driver entry point at kernel launch time
=========         Host Frame: void launch_mul_mat_q<(ggml_type)12, 128, false, (ggml_prec)30>(ggml_backend_cuda_context&, mmq_args const&, CUstream_st*) [0x8c179f] in libggml-cuda.so.0
=========         Host Frame: ggml_cuda_mul_mat_q(ggml_backend_cuda_context&, ggml_tensor const*, ggml_tensor const*, ggml_tensor const*, ggml_tensor*) [0x22f89b] in libggml-cuda.so.0
=========         Host Frame: ggml_backend_cuda_graph_compute(ggml_backend*, ggml_cgraph*) [0x1fcd27] in libggml-cuda.so.0
=========         Host Frame: ggml_backend_sched_graph_compute_async [0x373c7] in libggml-base.so.0
=========         Host Frame: llama_context::graph_compute(ggml_cgraph*, bool) [0x1b154b] in libllama.so.0
========= 
========= Invalid __global__ read of size 4 bytes
=========     at void mul_mat_q<(ggml_type)12, (int)128, (bool)0, (ggml_prec)30>(const char *, const int *, const int *, const int *, float *, float *, const float *, uint3, int, int, int, int, int, uint3, uint3, int, int, int, uint3, uint3, int, int, int, uint3)+0x6760
=========     by thread (11,5,0) in block (2012,0,0)
=========     Access to 0x21a0e0001c is out of bounds
=========     and is 29 bytes after the nearest allocation at 0x21a0a00000 of size 4194304 bytes
=========     Saved host backtrace up to driver entry point at kernel launch time
=========         Host Frame: void launch_mul_mat_q<(ggml_type)12, 128, false, (ggml_prec)30>(ggml_backend_cuda_context&, mmq_args const&, CUstream_st*) [0x8c179f] in libggml-cuda.so.0
=========         Host Frame: ggml_cuda_mul_mat_q(ggml_backend_cuda_context&, ggml_tensor const*, ggml_tensor const*, ggml_tensor const*, ggml_tensor*) [0x22f89b] in libggml-cuda.so.0
=========         Host Frame: ggml_backend_cuda_graph_compute(ggml_backend*, ggml_cgraph*) [0x1fcd27] in libggml-cuda.so.0
=========         Host Frame: ggml_backend_sched_graph_compute_async [0x373c7] in libggml-base.so.0
=========         Host Frame: llama_context::graph_compute(ggml_cgraph*, bool) [0x1b154b] in libllama.so.0
========= 
========= Invalid __global__ read of size 4 bytes
=========     at void mul_mat_q<(ggml_type)12, (int)128, (bool)0, (ggml_prec)30>(const char *, const int *, const int *, const int *, float *, float *, const float *, uint3, int, int, int, int, int, uint3, uint3, int, int, int, uint3, uint3, int, int, int, uint3)+0x6760
=========     by thread (12,5,0) in block (2012,0,0)
=========     Access to 0x21a0e00020 is out of bounds
=========     and is 33 bytes after the nearest allocation at 0x21a0a00000 of size 4194304 bytes
=========     Saved host backtrace up to driver entry point at kernel launch time
=========         Host Frame: void launch_mul_mat_q<(ggml_type)12, 128, false, (ggml_prec)30>(ggml_backend_cuda_context&, mmq_args const&, CUstream_st*) [0x8c179f] in libggml-cuda.so.0
=========         Host Frame: ggml_cuda_mul_mat_q(ggml_backend_cuda_context&, ggml_tensor const*, ggml_tensor const*, ggml_tensor const*, ggml_tensor*) [0x22f89b] in libggml-cuda.so.0
=========         Host Frame: ggml_backend_cuda_graph_compute(ggml_backend*, ggml_cgraph*) [0x1fcd27] in libggml-cuda.so.0
=========         Host Frame: ggml_backend_sched_graph_compute_async [0x373c7] in libggml-base.so.0
=========         Host Frame: llama_context::graph_compute(ggml_cgraph*, bool) [0x1b154b] in libllama.so.0
========= 
========= Invalid __global__ read of size 4 bytes
=========     at void mul_mat_q<(ggml_type)12, (int)128, (bool)0, (ggml_prec)30>(const char *, const int *, const int *, const int *, float *, float *, const float *, uint3, int, int, int, int, int, uint3, uint3, int, int, int, uint3, uint3, int, int, int, uint3)+0x6760
=========     by thread (13,5,0) in block (2012,0,0)
=========     Access to 0x21a0e00024 is out of bounds
=========     and is 37 bytes after the nearest allocation at 0x21a0a00000 of size 4194304 bytes
=========     Saved host backtrace up to driver entry point at kernel launch time
=========         Host Frame: void launch_mul_mat_q<(ggml_type)12, 128, false, (ggml_prec)30>(ggml_backend_cuda_context&, mmq_args const&, CUstream_st*) [0x8c179f] in libggml-cuda.so.0
=========         Host Frame: ggml_cuda_mul_mat_q(ggml_backend_cuda_context&, ggml_tensor const*, ggml_tensor const*, ggml_tensor const*, ggml_tensor*) [0x22f89b] in libggml-cuda.so.0
=========         Host Frame: ggml_backend_cuda_graph_compute(ggml_backend*, ggml_cgraph*) [0x1fcd27] in libggml-cuda.so.0
=========         Host Frame: ggml_backend_sched_graph_compute_async [0x373c7] in libggml-base.so.0
=========         Host Frame: llama_context::graph_compute(ggml_cgraph*, bool) [0x1b154b] in libllama.so.0
========= 
